
Memory Configuration

Name             Origin             Length             Attributes
flash            0x0000000008000000 0x0000000000020000 xr
sram             0x0000000020000000 0x0000000000005000 xrw
*default*        0x0000000000000000 0xffffffffffffffff

Linker script and memory map


.text           0x0000000008000000       0xe3
 *(.vectors*)
 .vectors       0x0000000008000000       0x1c startup.o
                0x0000000008000000                vectors
 *(.text*)
 .text          0x000000000800001c       0x7c main.o
                0x000000000800001c                main
 .text          0x0000000008000098       0x48 startup.o
                0x0000000008000098                Reset_Handler
                0x00000000080000a4                NMI_Handler
                0x00000000080000b0                H_Fault_Handler
                0x00000000080000bc                MM_Fault_Handler
                0x00000000080000c8                Bus_Fault
                0x00000000080000d4                Usage_Fault_Handler
 *(.rodata)
 .rodata        0x00000000080000e0        0x3 main.o
                0x00000000080000e0                const_variables

.glue_7         0x00000000080000e4        0x0
 .glue_7        0x00000000080000e4        0x0 linker stubs

.glue_7t        0x00000000080000e4        0x0
 .glue_7t       0x00000000080000e4        0x0 linker stubs

.vfp11_veneer   0x00000000080000e4        0x0
 .vfp11_veneer  0x00000000080000e4        0x0 linker stubs

.v4_bx          0x00000000080000e4        0x0
 .v4_bx         0x00000000080000e4        0x0 linker stubs

.iplt           0x00000000080000e4        0x0
 .iplt          0x00000000080000e4        0x0 main.o

.rel.dyn        0x00000000080000e4        0x0
 .rel.iplt      0x00000000080000e4        0x0 main.o

.data           0x00000000080000e4        0x7
 *(.data)
 .data          0x00000000080000e4        0x7 main.o
                0x00000000080000e4                R_ODR
                0x00000000080000e8                g_variables
 .data          0x00000000080000eb        0x0 startup.o

.igot.plt       0x00000000080000ec        0x0
 .igot.plt      0x00000000080000ec        0x0 main.o

.bss            0x0000000020000000        0x0
 *(.bss*)
 .bss           0x0000000020000000        0x0 main.o
 .bss           0x0000000020000000        0x0 startup.o
LOAD main.o
LOAD startup.o
OUTPUT(learn-in-depth-cortex-m3.elf elf32-littlearm)

.debug_info     0x0000000000000000      0x2c4
 .debug_info    0x0000000000000000      0x19d main.o
 .debug_info    0x000000000000019d      0x127 startup.o

.debug_abbrev   0x0000000000000000      0x17f
 .debug_abbrev  0x0000000000000000       0xf7 main.o
 .debug_abbrev  0x00000000000000f7       0x88 startup.o

.debug_loc      0x0000000000000000      0x140
 .debug_loc     0x0000000000000000       0x38 main.o
 .debug_loc     0x0000000000000038      0x108 startup.o

.debug_aranges  0x0000000000000000       0x40
 .debug_aranges
                0x0000000000000000       0x20 main.o
 .debug_aranges
                0x0000000000000020       0x20 startup.o

.debug_line     0x0000000000000000      0x3b4
 .debug_line    0x0000000000000000      0x1e1 main.o
 .debug_line    0x00000000000001e1      0x1d3 startup.o

.debug_str      0x0000000000000000      0x208
 .debug_str     0x0000000000000000      0x19d main.o
                                        0x1da (size before relaxing)
 .debug_str     0x000000000000019d       0x6b startup.o
                                        0x1ec (size before relaxing)

.comment        0x0000000000000000       0x7b
 .comment       0x0000000000000000       0x7b main.o
                                         0x7c (size before relaxing)
 .comment       0x000000000000007b       0x7c startup.o

.ARM.attributes
                0x0000000000000000       0x33
 .ARM.attributes
                0x0000000000000000       0x33 main.o
 .ARM.attributes
                0x0000000000000033       0x33 startup.o

.debug_frame    0x0000000000000000       0xe4
 .debug_frame   0x0000000000000000       0x2c main.o
 .debug_frame   0x000000000000002c       0xb8 startup.o
