
Allocating common symbols
Common symbol       size              file

Alarm_State_id      0x1               Alarm.o
Alarm_Monitor_State
                    0x4               AlarmMonitor.o
PSensor_States_id   0x1               main.o
PSensor_states      0x4               PressureSensor.o
Alarm_State         0x4               Alarm.o
High_pressure       0x4               HighPressureDetection.o
Alarm_Monitor_State_id
                    0x1               AlarmMonitor.o
High_Pressure_State_id
                    0x1               HighPressureDetection.o

Memory Configuration

Name             Origin             Length             Attributes
flash            0x0000000008000000 0x0000000000020000 xr
sram             0x0000000020000000 0x0000000000005000 xrw
*default*        0x0000000000000000 0xffffffffffffffff

Linker script and memory map


.text           0x0000000008000000      0x3fc
 *(.vectors*)
 .vectors       0x0000000008000000       0x1c startup.o
                0x0000000008000000                vectors
 *(.text*)
 .text          0x000000000800001c       0xb8 Alarm.o
                0x000000000800001c                Alarm_init
                0x0000000008000028                ST_Wait
                0x000000000800004c                ST_OFF
                0x0000000008000074                ST_ON
                0x000000000800009c                Start_Alarm
                0x00000000080000b8                Stop_Alarm
 .text          0x00000000080000d4       0x94 AlarmMonitor.o
                0x00000000080000d4                ST_AlarmOFF
                0x00000000080000f8                ST_AlarmON
                0x0000000008000128                ST_AlarmWaiting
                0x000000000800014c                High_Pressure_Detection
 .text          0x0000000008000168       0xc4 driver.o
                0x0000000008000168                Delay
                0x0000000008000188                getPressureVal
                0x00000000080001a0                Set_Alarm_actuator
                0x00000000080001dc                GPIO_INITIALIZATION
 .text          0x000000000800022c       0x54 HighPressureDetection.o
                0x000000000800022c                Set_Pressure_Val
                0x0000000008000248                ST_PressureDetection
 .text          0x0000000008000280       0x7c main.o
                0x0000000008000280                main
                0x00000000080002b4                Init
 .text          0x00000000080002fc       0x70 PressureSensor.o
                0x00000000080002fc                PS_init
                0x0000000008000308                ST_Reading
                0x0000000008000348                ST_Waiting
 .text          0x000000000800036c       0x90 startup.o
                0x000000000800036c                H_Fault_Handler
                0x000000000800036c                MM_Fault_Handler
                0x000000000800036c                Usage_Fault_Handler
                0x000000000800036c                Bus_Fault
                0x000000000800036c                Default_Handler
                0x000000000800036c                NMI_Handler
                0x0000000008000378                Reset_Handler
 *(.rodata)
                0x00000000080003fc                _E_text = .

.glue_7         0x00000000080003fc        0x0
 .glue_7        0x00000000080003fc        0x0 linker stubs

.glue_7t        0x00000000080003fc        0x0
 .glue_7t       0x00000000080003fc        0x0 linker stubs

.vfp11_veneer   0x00000000080003fc        0x0
 .vfp11_veneer  0x00000000080003fc        0x0 linker stubs

.v4_bx          0x00000000080003fc        0x0
 .v4_bx         0x00000000080003fc        0x0 linker stubs

.iplt           0x00000000080003fc        0x0
 .iplt          0x00000000080003fc        0x0 Alarm.o

.rel.dyn        0x00000000080003fc        0x0
 .rel.iplt      0x00000000080003fc        0x0 Alarm.o

.data           0x0000000020000000        0x4 load address 0x00000000080003fc
                0x0000000020000000                _S_DATA = .
 *(.data)
 .data          0x0000000020000000        0x0 Alarm.o
 .data          0x0000000020000000        0x0 AlarmMonitor.o
 .data          0x0000000020000000        0x0 driver.o
 .data          0x0000000020000000        0x4 HighPressureDetection.o
                0x0000000020000000                threshold
 .data          0x0000000020000004        0x0 main.o
 .data          0x0000000020000004        0x0 PressureSensor.o
 .data          0x0000000020000004        0x0 startup.o
                0x0000000020000004                _E_DATA = .

.igot.plt       0x0000000020000004        0x0 load address 0x0000000008000400
 .igot.plt      0x0000000020000004        0x0 Alarm.o

.bss            0x0000000020000004     0x1024 load address 0x0000000008000400
                0x0000000020000004                _S_bss = .
 *(.bss*)
 .bss           0x0000000020000004        0x0 Alarm.o
 .bss           0x0000000020000004        0x0 AlarmMonitor.o
 .bss           0x0000000020000004        0x0 driver.o
 .bss           0x0000000020000004        0x4 HighPressureDetection.o
                0x0000000020000004                Pressureval
 .bss           0x0000000020000008        0x0 main.o
 .bss           0x0000000020000008        0x4 PressureSensor.o
                0x0000000020000008                Pval
 .bss           0x000000002000000c        0x0 startup.o
 *(COMMON)
 COMMON         0x000000002000000c        0x8 Alarm.o
                0x000000002000000c                Alarm_State_id
                0x0000000020000010                Alarm_State
 COMMON         0x0000000020000014        0x5 AlarmMonitor.o
                0x0000000020000014                Alarm_Monitor_State
                0x0000000020000018                Alarm_Monitor_State_id
 *fill*         0x0000000020000019        0x3 
 COMMON         0x000000002000001c        0x5 HighPressureDetection.o
                0x000000002000001c                High_pressure
                0x0000000020000020                High_Pressure_State_id
 COMMON         0x0000000020000021        0x1 main.o
                0x0000000020000021                PSensor_States_id
 *fill*         0x0000000020000022        0x2 
 COMMON         0x0000000020000024        0x4 PressureSensor.o
                0x0000000020000024                PSensor_states
 COMMON         0x0000000020000028        0x0 startup.o
                0x0000000020000028                _E_bss = .
                0x0000000020001028                . = (. + 0x1000)
 *fill*         0x0000000020000028     0x1000 
                0x0000000020001028                _stack_top = .
LOAD Alarm.o
LOAD AlarmMonitor.o
LOAD driver.o
LOAD HighPressureDetection.o
LOAD main.o
LOAD PressureSensor.o
LOAD startup.o
OUTPUT(pressure-controller-learn-in-depth.elf elf32-littlearm)

.debug_info     0x0000000000000000     0x47ba
 .debug_info    0x0000000000000000      0xa40 Alarm.o
 .debug_info    0x0000000000000a40      0xa16 AlarmMonitor.o
 .debug_info    0x0000000000001456      0xa05 driver.o
 .debug_info    0x0000000000001e5b      0xa13 HighPressureDetection.o
 .debug_info    0x000000000000286e      0xa9a main.o
 .debug_info    0x0000000000003308      0xa1a PressureSensor.o
 .debug_info    0x0000000000003d22      0xa98 startup.o

.debug_abbrev   0x0000000000000000      0xd4d
 .debug_abbrev  0x0000000000000000      0x1f6 Alarm.o
 .debug_abbrev  0x00000000000001f6      0x1ed AlarmMonitor.o
 .debug_abbrev  0x00000000000003e3      0x1de driver.o
 .debug_abbrev  0x00000000000005c1      0x1e6 HighPressureDetection.o
 .debug_abbrev  0x00000000000007a7      0x1d5 main.o
 .debug_abbrev  0x000000000000097c      0x1ed PressureSensor.o
 .debug_abbrev  0x0000000000000b69      0x1e4 startup.o

.debug_loc      0x0000000000000000      0x538
 .debug_loc     0x0000000000000000      0x120 Alarm.o
 .debug_loc     0x0000000000000120       0xe0 AlarmMonitor.o
 .debug_loc     0x0000000000000200      0x140 driver.o
 .debug_loc     0x0000000000000340       0x88 HighPressureDetection.o
 .debug_loc     0x00000000000003c8       0x58 main.o
 .debug_loc     0x0000000000000420       0x9c PressureSensor.o
 .debug_loc     0x00000000000004bc       0x7c startup.o

.debug_aranges  0x0000000000000000       0xe0
 .debug_aranges
                0x0000000000000000       0x20 Alarm.o
 .debug_aranges
                0x0000000000000020       0x20 AlarmMonitor.o
 .debug_aranges
                0x0000000000000040       0x20 driver.o
 .debug_aranges
                0x0000000000000060       0x20 HighPressureDetection.o
 .debug_aranges
                0x0000000000000080       0x20 main.o
 .debug_aranges
                0x00000000000000a0       0x20 PressureSensor.o
 .debug_aranges
                0x00000000000000c0       0x20 startup.o

.debug_line     0x0000000000000000     0x115a
 .debug_line    0x0000000000000000      0x1f7 Alarm.o
 .debug_line    0x00000000000001f7      0x1ff AlarmMonitor.o
 .debug_line    0x00000000000003f6      0x2ca driver.o
 .debug_line    0x00000000000006c0      0x207 HighPressureDetection.o
 .debug_line    0x00000000000008c7      0x2fc main.o
 .debug_line    0x0000000000000bc3      0x2b9 PressureSensor.o
 .debug_line    0x0000000000000e7c      0x2de startup.o

.debug_str      0x0000000000000000      0x732
 .debug_str     0x0000000000000000      0x4f9 Alarm.o
                                        0x55c (size before relaxing)
 .debug_str     0x00000000000004f9       0x79 AlarmMonitor.o
                                        0x594 (size before relaxing)
 .debug_str     0x0000000000000572       0x57 driver.o
                                        0x55d (size before relaxing)
 .debug_str     0x00000000000005c9       0x7e HighPressureDetection.o
                                        0x58d (size before relaxing)
 .debug_str     0x0000000000000647       0x3c main.o
                                        0x5e9 (size before relaxing)
 .debug_str     0x0000000000000683       0x2f PressureSensor.o
                                        0x56c (size before relaxing)
 .debug_str     0x00000000000006b2       0x80 startup.o
                                        0x591 (size before relaxing)

.comment        0x0000000000000000       0x7b
 .comment       0x0000000000000000       0x7b Alarm.o
                                         0x7c (size before relaxing)
 .comment       0x000000000000007b       0x7c AlarmMonitor.o
 .comment       0x000000000000007b       0x7c driver.o
 .comment       0x000000000000007b       0x7c HighPressureDetection.o
 .comment       0x000000000000007b       0x7c main.o
 .comment       0x000000000000007b       0x7c PressureSensor.o
 .comment       0x000000000000007b       0x7c startup.o

.ARM.attributes
                0x0000000000000000       0x33
 .ARM.attributes
                0x0000000000000000       0x33 Alarm.o
 .ARM.attributes
                0x0000000000000033       0x33 AlarmMonitor.o
 .ARM.attributes
                0x0000000000000066       0x33 driver.o
 .ARM.attributes
                0x0000000000000099       0x33 HighPressureDetection.o
 .ARM.attributes
                0x00000000000000cc       0x33 main.o
 .ARM.attributes
                0x00000000000000ff       0x33 PressureSensor.o
 .ARM.attributes
                0x0000000000000132       0x33 startup.o

.debug_frame    0x0000000000000000      0x338
 .debug_frame   0x0000000000000000       0xbc Alarm.o
 .debug_frame   0x00000000000000bc       0x88 AlarmMonitor.o
 .debug_frame   0x0000000000000144       0xa0 driver.o
 .debug_frame   0x00000000000001e4       0x54 HighPressureDetection.o
 .debug_frame   0x0000000000000238       0x48 main.o
 .debug_frame   0x0000000000000280       0x68 PressureSensor.o
 .debug_frame   0x00000000000002e8       0x50 startup.o
